// Jest Snapshot v1, https://goo.gl/fbAQLP

exports[`renders the App Component 1`] = `ShallowWrapper {}`;
